// Jest Snapshot v1, https://goo.gl/fbAQLP

exports[`<App /> snapshot is rendered correctly 1`] = `
<div>
  <div>
    Name: 
  </div>
  <div>
    # of Updates: 
  </div>
  <form
    onSubmit={[Function]}
  >
    <input
      onChange={[Function]}
      type="text"
    />
  </form>
</div>
`;
